// Jest Snapshot v1, https://goo.gl/fbAQLP

exports[`Button component should contain mapped properties 1`] = `
<button
  alignment="center-center"
  debug={false}
  enabled={true}
  height={0}
  hideBounds={false}
  iconColor="white"
  iconSize={
    Array [
      0.05,
      0.05,
    ]
  }
  labelSide="left"
  localPosition={
    Array [
      0,
      0,
      0,
    ]
  }
  localRotation={
    Array [
      0,
      0,
      0,
      1,
    ]
  }
  localScale={
    Array [
      1,
      1,
      1,
    ]
  }
  skipRaycast={false}
  textColor="white"
  textSize={0.08}
  visible={true}
  width={0}
>
  
</button>
`;
