// Jest Snapshot v1, https://goo.gl/fbAQLP

exports[`ProgressBar component should contain mapped properties 1`] = `
<progressBar
  alignment="center-center"
  debug={false}
  enabled={true}
  height={0}
  hideBounds={false}
  localPosition={
    Array [
      0,
      0,
      0,
    ]
  }
  localRotation={
    Array [
      0,
      0,
      0,
      1,
    ]
  }
  localScale={
    Array [
      1,
      1,
      1,
    ]
  }
  max={1}
  min={0}
  progressColor={
    Object {
      "beginColor": "white",
      "endColor": "blue",
    }
  }
  skipRaycast={false}
  value={0}
  visible={true}
  width={0.5}
/>
`;
