// Jest Snapshot v1, https://goo.gl/fbAQLP

exports[`Text component should contain mapped properties 1`] = `
<text
  alignment="top-left"
  allCaps={true}
  boundsSize={
    Object {
      "boundsSize": Array [
        0.6,
        0.4,
      ],
      "wrap": true,
    }
  }
  charSpacing={0.01}
  debug={false}
  enabled={true}
  fontParameters={
    Object {
      "allCaps": true,
      "fontSize": 0.05,
      "fontStyle": "normal",
      "fontWeight": "regular",
    }
  }
  hideBounds={false}
  lineSpacing={1}
  localPosition={
    Array [
      0,
      0,
      0,
    ]
  }
  localRotation={
    Array [
      0,
      0,
      0,
      1,
    ]
  }
  localScale={
    Array [
      1,
      1,
      1,
    ]
  }
  localTransform={
    Array [
      1,
      0,
      0,
      0,
      0,
      1,
      0,
      0,
      0,
      0,
      1,
      0,
      0,
      0,
      0,
      0,
    ]
  }
  skipRaycast={false}
  textAlignment="center"
  textColor="white"
  textSize={0.05}
  visible={true}
>
  MagicScript Components
</text>
`;
