// Jest Snapshot v1, https://goo.gl/fbAQLP

exports[`Audio component 1`] = `
<audio
  debug={false}
  fileName="resources/audio.mp3"
  localPosition={
    Array [
      0,
      0,
      0,
    ]
  }
  localRotation={
    Array [
      0,
      0,
      0,
      1,
    ]
  }
  localScale={
    Array [
      1,
      1,
      1,
    ]
  }
  localTransform={
    Array [
      1,
      0,
      0,
      0,
      0,
      1,
      0,
      0,
      0,
      0,
      1,
      0,
      0,
      0,
      0,
      0,
    ]
  }
  skipRaycast={false}
  soundLooping={true}
  soundMute={false}
  soundPitch={1}
  soundVolumeLinear={1}
  streamedFileOffset={0.5}
  visible={true}
/>
`;
