// Jest Snapshot v1, https://goo.gl/fbAQLP

exports[`Dialog component 1`] = `
<dialog
  scrolling={true}
/>
`;
