// Jest Snapshot v1, https://goo.gl/fbAQLP

exports[`ProgressBar component 1`] = `
<progressBar
  progressColor={
    Object {
      "beginColor": "white",
      "endColor": "blue",
    }
  }
/>
`;
