// Jest Snapshot v1, https://goo.gl/fbAQLP

exports[`Spinner component 1`] = `
<spinner
  size={
    Array [
      0.3,
      0.3,
    ]
  }
/>
`;
